// Jest Snapshot v1, https://goo.gl/fbAQLP

exports[`withReviewForm is rendered correctly 1`] = `<div />`;
