// Jest Snapshot v1, https://goo.gl/fbAQLP

exports[`<PreviewVideoPlayer /> is rendered correctly 1`] = `<video />`;
