// Jest Snapshot v1, https://goo.gl/fbAQLP

exports[`<PrivateRoute /> component renders correctly 1`] = `null`;
