// Jest Snapshot v1, https://goo.gl/fbAQLP

exports[`withSigninForm is rendered correctly 1`] = `<div />`;
