// Jest Snapshot v1, https://goo.gl/fbAQLP

exports[`<MyList /> component renders correctly 1`] = `
<div
  className="user-page"
>
  <header
    className="page-header user-page__head"
  >
    <div
      className="logo"
    >
      <a
        className="logo__link"
        href="/"
        onClick={[Function]}
      >
        <span
          className="logo__letter logo__letter--1"
        >
          W
        </span>
        <span
          className="logo__letter logo__letter--2"
        >
          T
        </span>
        <span
          className="logo__letter logo__letter--3"
        >
          W
        </span>
      </a>
    </div>
    <div
      className="user-block"
    >
      <div
        className="user-block__avatar"
      >
        <img
          alt={null}
          height="63"
          onClick={[Function]}
          src={null}
          width="63"
        />
      </div>
    </div>
  </header>
  <section
    className="catalog"
  >
    <h2
      className="catalog__title visually-hidden"
    >
      Catalog
    </h2>
    <div
      className="catalog__movies-list"
    >
      <article
        className="small-movie-card catalog__movies-card"
        onMouseEnter={[Function]}
        onMouseLeave={[Function]}
      >
        <div
          className="small-movie-card__image"
          onClick={[Function]}
        >
          <video
            height="175"
            muted={true}
            poster=""
            src=""
            style={
              Object {
                "objectFit": "cover",
              }
            }
            width="280"
          />
        </div>
        <h3
          className="small-movie-card__title"
        >
          <a
            className="small-movie-card__link"
            href="/films/1"
            onClick={[Function]}
          >
            Film 1
          </a>
        </h3>
      </article>
      <article
        className="small-movie-card catalog__movies-card"
        onMouseEnter={[Function]}
        onMouseLeave={[Function]}
      >
        <div
          className="small-movie-card__image"
          onClick={[Function]}
        >
          <video
            height="175"
            muted={true}
            poster=""
            src=""
            style={
              Object {
                "objectFit": "cover",
              }
            }
            width="280"
          />
        </div>
        <h3
          className="small-movie-card__title"
        >
          <a
            className="small-movie-card__link"
            href="/films/2"
            onClick={[Function]}
          >
            Film 2
          </a>
        </h3>
      </article>
      <article
        className="small-movie-card catalog__movies-card"
        onMouseEnter={[Function]}
        onMouseLeave={[Function]}
      >
        <div
          className="small-movie-card__image"
          onClick={[Function]}
        >
          <video
            height="175"
            muted={true}
            poster=""
            src=""
            style={
              Object {
                "objectFit": "cover",
              }
            }
            width="280"
          />
        </div>
        <h3
          className="small-movie-card__title"
        >
          <a
            className="small-movie-card__link"
            href="/films/3"
            onClick={[Function]}
          >
            Film 3
          </a>
        </h3>
      </article>
    </div>
  </section>
  <footer
    className="page-footer"
  >
    <div
      className="logo"
    >
      <a
        className="logo__link logo__link--light"
        href="/"
        onClick={[Function]}
      >
        <span
          className="logo__letter logo__letter--1"
        >
          W
        </span>
        <span
          className="logo__letter logo__letter--2"
        >
          T
        </span>
        <span
          className="logo__letter logo__letter--3"
        >
          W
        </span>
      </a>
    </div>
    <div
      className="copyright"
    >
      <p>
        Â© 2019 What to watch Ltd.
      </p>
    </div>
  </footer>
</div>
`;
