// Jest Snapshot v1, https://goo.gl/fbAQLP

exports[`<Header /> component renders correctly 1`] = `
<header
  className="page-header "
>
  <div
    className="logo"
  >
    <a
      className="logo__link"
      href="/"
      onClick={[Function]}
    >
      <span
        className="logo__letter logo__letter--1"
      >
        W
      </span>
      <span
        className="logo__letter logo__letter--2"
      >
        T
      </span>
      <span
        className="logo__letter logo__letter--3"
      >
        W
      </span>
    </a>
  </div>
  <div
    className="user-block"
  >
    <div
      className="user-block__avatar"
    >
      <img
        alt=""
        height="63"
        onClick={[Function]}
        src="https://htmlacademy-react-2.appspot.com"
        width="63"
      />
    </div>
  </div>
</header>
`;
