// Jest Snapshot v1, https://goo.gl/fbAQLP

exports[`<AddReview/> component renders correctly 1`] = `
<section
  className="movie-card movie-card--full"
>
  <div
    className="movie-card__header"
  >
    <div
      className="movie-card__bg"
    >
      <img
        alt="Film 1"
        src=""
      />
    </div>
    <h1
      className="visually-hidden"
    >
      WTW
    </h1>
    <header
      className="page-header"
    >
      <div
        className="logo"
      >
        <a
          className="logo__link"
          href="/"
          onClick={[Function]}
        >
          <span
            className="logo__letter logo__letter--1"
          >
            W
          </span>
          <span
            className="logo__letter logo__letter--2"
          >
            T
          </span>
          <span
            className="logo__letter logo__letter--3"
          >
            W
          </span>
        </a>
      </div>
      <nav
        className="breadcrumbs"
      >
        <ul
          className="breadcrumbs__list"
        >
          <li
            className="breadcrumbs__item"
          >
            <a
              className="breadcrumbs__link"
              href="/films/1"
              onClick={[Function]}
            >
              Film 1
            </a>
          </li>
          <li
            className="breadcrumbs__item"
          >
            <a
              className="breadcrumbs__link"
              href="/films/1/review"
              onClick={[Function]}
            >
              Add review
            </a>
          </li>
        </ul>
      </nav>
      <div
        className="user-block"
      >
        <div
          className="user-block__avatar"
        >
          <img
            alt=""
            height="63"
            onClick={[Function]}
            src="https://htmlacademy-react-2.appspot.com"
            width="63"
          />
        </div>
      </div>
    </header>
    <div
      className="movie-card__poster movie-card__poster--small"
    >
      <img
        alt="Film 1"
        height="327"
        src=""
        width="218"
      />
    </div>
  </div>
  <div
    className="add-review"
  >
    <form
      action="#"
      className="add-review__form"
      onSubmit={[Function]}
    >
      <div
        className="rating"
      >
        <div
          className="rating__stars"
        >
          <input
            checked={false}
            className="rating__input"
            disabled={false}
            id="star-1"
            name="rating"
            onChange={[Function]}
            type="radio"
            value={1}
          />
          <label
            className="rating__label"
            htmlFor="star-1"
            style={
              Object {
                "opacity": 1,
              }
            }
          >
            Rating 
            1
          </label>
          <input
            checked={false}
            className="rating__input"
            disabled={false}
            id="star-2"
            name="rating"
            onChange={[Function]}
            type="radio"
            value={2}
          />
          <label
            className="rating__label"
            htmlFor="star-2"
            style={
              Object {
                "opacity": 1,
              }
            }
          >
            Rating 
            2
          </label>
          <input
            checked={false}
            className="rating__input"
            disabled={false}
            id="star-3"
            name="rating"
            onChange={[Function]}
            type="radio"
            value={3}
          />
          <label
            className="rating__label"
            htmlFor="star-3"
            style={
              Object {
                "opacity": 1,
              }
            }
          >
            Rating 
            3
          </label>
          <input
            checked={true}
            className="rating__input"
            disabled={false}
            id="star-4"
            name="rating"
            onChange={[Function]}
            type="radio"
            value={4}
          />
          <label
            className="rating__label"
            htmlFor="star-4"
            style={
              Object {
                "opacity": 1,
              }
            }
          >
            Rating 
            4
          </label>
          <input
            checked={false}
            className="rating__input"
            disabled={false}
            id="star-5"
            name="rating"
            onChange={[Function]}
            type="radio"
            value={5}
          />
          <label
            className="rating__label"
            htmlFor="star-5"
            style={
              Object {
                "opacity": 0.5,
              }
            }
          >
            Rating 
            5
          </label>
        </div>
      </div>
      <div
        className="add-review__text"
      >
        <textarea
          className="add-review__textarea"
          disabled={false}
          id="review-text"
          name="review-text"
          onChange={[Function]}
          placeholder="Review text"
          style={
            Object {
              "opacity": 1,
            }
          }
          value=""
        />
        <div
          className="add-review__submit"
        >
          <button
            className="add-review__btn"
            disabled={false}
            style={
              Object {
                "opacity": 1,
              }
            }
            type="submit"
          >
            Post
          </button>
        </div>
      </div>
    </form>
    
  </div>
</section>
`;
