// Jest Snapshot v1, https://goo.gl/fbAQLP

exports[`<TabsItem /> component renders correctly 1`] = `
<li
  className="movie-nav__item movie-nav__item--active"
>
  <a
    className="movie-nav__link"
    href="#"
    onClick={[Function]}
  >
    
  </a>
</li>
`;
