// Jest Snapshot v1, https://goo.gl/fbAQLP

exports[`<App /> component renders correctly 1`] = `null`;

exports[`<App /> component with error status is true renders error 1`] = `
<div
  className="user-page"
>
  <h1>
    Sorry, connection with server failed!
  </h1>
</div>
`;
