// Jest Snapshot v1, https://goo.gl/fbAQLP

exports[`<MoviePromo /> component renders correctly 1`] = `
<div
  className="movie-card__wrap"
>
  <div
    className="movie-card__desc"
  >
    <h2
      className="movie-card__title"
    >
      Film 3
    </h2>
    <p
      className="movie-card__meta"
    >
      <span
        className="movie-card__genre"
      >
        Drama
      </span>
      <span
        className="movie-card__year"
      >
        2019
      </span>
    </p>
    <div
      className="movie-card__buttons"
    >
      <a
        className="btn btn--play movie-card__button"
        href="/player/1"
        onClick={[Function]}
        type="button"
      >
        <svg
          height="19"
          viewBox="0 0 19 19"
          width="19"
        >
          <use
            xlinkHref="#play-s"
          />
        </svg>
        <span>
          Play
        </span>
      </a>
      <button
        className="btn btn--list movie-card__button"
        onClick={[Function]}
        type="button"
      >
        <svg
          height="14"
          viewBox="0 0 18 14"
          width="18"
        >
          <use
            xlinkHref="#in-list"
          />
        </svg>
        <span>
          My list
        </span>
      </button>
      <a
        className="btn movie-card__button"
        href="add-review.html"
      >
        Add review
      </a>
    </div>
  </div>
</div>
`;
