// Jest Snapshot v1, https://goo.gl/fbAQLP

exports[`withLoading is rendered correctly 1`] = `<div />`;
